{
  "records": [
    {
      "0000": "1",
      "0001": "Philip",
      "0002": "ROMERO",
      "0003": "11/22/1981",
      "0004": "Saint Augustine",
      "0005": "FL",
      "0006": "3/17/2015",
      "0007": "98",
      "0008": "60.54",
      "tdpId": 1
    },
    {
      "0000": "2",
      "0001": "Christopher",
      "0002": "MARSHALL",
      "0003": "1/17/1990",
      "0004": "New York City",
      "0005": "NY",
      "0006": "4/27/2011",
      "0007": "73",
      "0008": "93.22",
      "tdpId": 2
    },
    {
      "0000": "3",
      "0001": "Steven",
      "0002": "MURRAY",
      "0003": "12/26/1964",
      "0004": "Washington",
      "0005": "DC",
      "0006": "2/18/2002",
      "0007": "94",
      "0008": "35.92",
      "tdpId": 3
    },
    {
      "0000": "4",
      "0001": "Phyllis",
      "0002": "CLARK",
      "0003": "9/10/1967",
      "0004": "Cincinnati",
      "0005": "OH",
      "0006": "7/28/2002",
      "0007": "28",
      "0008": "20.95",
      "tdpId": 4
    },
    {
      "0000": "5",
      "0001": "Lillian",
      "0002": "GONZALEZ",
      "0003": "8/10/1964",
      "0004": "Aurora",
      "0005": "CO",
      "0006": "11/30/2011",
      "0007": "46",
      "0008": "84.31",
      "tdpId": 5
    },
    {
      "0000": "6",
      "0001": "Carl",
      "0002": "harrison",
      "0003": "2/8/1983",
      "0004": "Pittsburgh",
      "0005": "PA",
      "0006": "7/24/2001",
      "0007": "13",
      "0008": "65.42",
      "tdpId": 6
    },
    {
      "0000": "7",
      "0001": "Amy",
      "0002": "FOSTER",
      "0003": "8/10/1996",
      "0004": "Corpus Christi",
      "0005": "TX",
      "0006": "4/15/2013",
      "0007": "2",
      "0008": "91.04",
      "tdpId": 7
    },
    {
      "0000": "8",
      "0001": "Chris",
      "0002": "HUGHES",
      "0003": "6/16/1983",
      "0004": "Durham",
      "0005": "NC",
      "0006": "10/19/2006",
      "0007": "39",
      "0008": "61.02",
      "tdpId": 8
    },
    {
      "0000": "9",
      "0001": "Patrick",
      "0002": "gordon",
      "0003": "1/28/1983",
      "0004": "Sioux City",
      "0005": "IA",
      "0006": "10/8/2013",
      "0007": "13",
      "0008": "31.26",
      "tdpId": 9
    },
    {
      "0000": "10",
      "0001": "Thomas",
      "0002": "CUNNINGHAM",
      "0003": "2/26/1978",
      "0004": "Seattle",
      "0005": "WA",
      "0006": "1/8/2001",
      "0007": "70",
      "0008": "3.11",
      "tdpId": 10
    }
  ]
}
